======================================================
Name: CVE-2014-3671
Status: Candidate
URL: http://cve.mitre.org/cgi-bin/cvename.cgi?name=CVE-2014-3671
Phase: Assigned (20140514)
Category: 

** REJECT **

DO NOT USE THIS CANDIDATE NUMBER.  ConsultIDs: CVE-2014-6271,
CVE-2014-6277, CVE-2014-6278, CVE-2014-7169, CVE-2014-7186,
CVE-2014-7187.  Reason: This candidate is a duplicate of
CVE-2014-6271, CVE-2014-6277, CVE-2014-6278, CVE-2014-7169,
CVE-2014-7186, and CVE-2014-7187.  Notes: All CVE users should
reference CVE-2014-6271, CVE-2014-6277, CVE-2014-6278, CVE-2014-7169,
CVE-2014-7186, and CVE-2014-7187 instead of this candidate.  All
references and descriptions in this candidate have been removed to
prevent accidental usage.


Current Votes:
None (candidate not yet proposed)


======================================================